---
source: tests/snapshots.rs
expression: link
---
{
  "amp_canonical": null,
  "canonical": {
    "domain": "example",
    "is_alt": false,
    "is_amp": false,
    "is_cached": null,
    "is_valid": true,
    "type": "REL",
    "url": "https://example.com/article/",
    "url_similarity": 0.691358024691358
  },
  "canonicals": [
    {
      "domain": "example",
      "is_alt": false,
      "is_amp": true,
      "is_cached": false,
      "is_valid": true,
      "type": "REL",
      "url": "https://example.com/article/amp/",
      "url_similarity": 0.7529411764705882
    },
    {
      "domain": "example",
      "is_alt": false,
      "is_amp": false,
      "is_cached": null,
      "is_valid": true,
      "type": "REL",
      "url": "https://example.com/article/",
      "url_similarity": 0.691358024691358
    }
  ],
  "origin": {
    "domain": "google",
    "is_amp": true,
    "is_cached": true,
    "is_valid": true,
    "url": "https://www.google.com/amp/s/example.com/article/amp/"
  }
}
