---
source: tests/snapshots.rs
expression: link
---
{
  "amp_canonical": null,
  "canonical": {
    "domain": "example",
    "is_alt": false,
    "is_amp": false,
    "is_cached": null,
    "is_valid": true,
    "type": "META_REDIRECT",
    "url": "https://example.eu/article",
    "url_similarity": 0.9285714285714286,
    "article_similarity": null,
    "confidence_score": 0.4657142857142857,
    "confidence_level": "LIKELY"
  },
  "canonicals": [
    {
      "domain": "example",
      "is_alt": false,
      "is_amp": false,
      "is_cached": null,
      "is_valid": true,
      "type": "META_REDIRECT",
      "url": "https://example.eu/article",
      "url_similarity": 0.9285714285714286,
      "article_similarity": null,
      "confidence_score": 0.4657142857142857,
      "confidence_level": "LIKELY"
    }
  ],
  "origin": {
    "domain": "example",
    "is_amp": true,
    "is_cached": false,
    "is_valid": true,
    "url": "https://amp.example.eu/article"
  }
}
