---
source: tests/snapshots.rs
expression: link
---
{
  "amp_canonical": null,
  "canonical": {
    "domain": "example",
    "is_alt": false,
    "is_amp": false,
    "is_cached": null,
    "is_valid": true,
    "type": "REL",
    "url": "https://example.eu/article/",
    "url_similarity": 0.9310344827586207,
    "article_similarity": null,
    "confidence_score": 0.5862068965517242,
    "confidence_level": "LIKELY"
  },
  "canonicals": [
    {
      "domain": "example",
      "is_alt": false,
      "is_amp": false,
      "is_cached": null,
      "is_valid": true,
      "type": "REL",
      "url": "https://example.eu/article/",
      "url_similarity": 0.9310344827586207,
      "article_similarity": null,
      "confidence_score": 0.5862068965517242,
      "confidence_level": "LIKELY"
    },
    {
      "domain": "example",
      "is_alt": false,
      "is_amp": true,
      "is_cached": false,
      "is_valid": true,
      "type": "REL",
      "url": "https://example.eu/article/amp/",
      "url_similarity": 0.7469879518072289,
      "article_similarity": null,
      "confidence_score": 0.5493975903614459,
      "confidence_level": "LIKELY"
    }
  ],
  "origin": {
    "domain": "google",
    "is_amp": true,
    "is_cached": true,
    "is_valid": true,
    "url": "https://www.google.com/amp/s/example.eu/article/amp/"
  }
}
